// Jest Snapshot v1, https://goo.gl/fbAQLP

exports[`a pagina de configuracao deve ser renderizada corretamente 1`] = `
Object {
  "asFragment": [Function],
  "baseElement": <body>
    <div>
      <div
        class="card"
      >
        <section>
          <h2>
            Vamos começar!
          </h2>
          <form>
            <div
              class="grupo-input-btn"
            >
              <input
                placeholder="Insira os nomes dos participantes"
                type="text"
                value=""
              />
              <button
                disabled=""
              >
                Adicionar
              </button>
            </div>
            
          </form>
          <ul />
          <footer
            class="rodape-configuracoes"
          >
            <button
              class="botao"
              disabled=""
            >
              Iniciar brincadeira
            </button>
            <img
              alt="Sacolas de compras"
              src="/imagens/sacolas.png"
            />
          </footer>
        </section>
      </div>
    </div>
  </body>,
  "container": <div>
    <div
      class="card"
    >
      <section>
        <h2>
          Vamos começar!
        </h2>
        <form>
          <div
            class="grupo-input-btn"
          >
            <input
              placeholder="Insira os nomes dos participantes"
              type="text"
              value=""
            />
            <button
              disabled=""
            >
              Adicionar
            </button>
          </div>
          
        </form>
        <ul />
        <footer
          class="rodape-configuracoes"
        >
          <button
            class="botao"
            disabled=""
          >
            Iniciar brincadeira
          </button>
          <img
            alt="Sacolas de compras"
            src="/imagens/sacolas.png"
          />
        </footer>
      </section>
    </div>
  </div>,
  "debug": [Function],
  "findAllByAltText": [Function],
  "findAllByDisplayValue": [Function],
  "findAllByLabelText": [Function],
  "findAllByPlaceholderText": [Function],
  "findAllByRole": [Function],
  "findAllByTestId": [Function],
  "findAllByText": [Function],
  "findAllByTitle": [Function],
  "findByAltText": [Function],
  "findByDisplayValue": [Function],
  "findByLabelText": [Function],
  "findByPlaceholderText": [Function],
  "findByRole": [Function],
  "findByTestId": [Function],
  "findByText": [Function],
  "findByTitle": [Function],
  "getAllByAltText": [Function],
  "getAllByDisplayValue": [Function],
  "getAllByLabelText": [Function],
  "getAllByPlaceholderText": [Function],
  "getAllByRole": [Function],
  "getAllByTestId": [Function],
  "getAllByText": [Function],
  "getAllByTitle": [Function],
  "getByAltText": [Function],
  "getByDisplayValue": [Function],
  "getByLabelText": [Function],
  "getByPlaceholderText": [Function],
  "getByRole": [Function],
  "getByTestId": [Function],
  "getByText": [Function],
  "getByTitle": [Function],
  "queryAllByAltText": [Function],
  "queryAllByDisplayValue": [Function],
  "queryAllByLabelText": [Function],
  "queryAllByPlaceholderText": [Function],
  "queryAllByRole": [Function],
  "queryAllByTestId": [Function],
  "queryAllByText": [Function],
  "queryAllByTitle": [Function],
  "queryByAltText": [Function],
  "queryByDisplayValue": [Function],
  "queryByLabelText": [Function],
  "queryByPlaceholderText": [Function],
  "queryByRole": [Function],
  "queryByTestId": [Function],
  "queryByText": [Function],
  "queryByTitle": [Function],
  "rerender": [Function],
  "unmount": [Function],
}
`;
